// Jest Snapshot v1, https://goo.gl/fbAQLP

exports[`Text should create a text element 1`] = `
<h1
  class=""
>
  Hello
</h1>
`;
