// Jest Snapshot v1, https://goo.gl/fbAQLP

exports[`Template should create the template 1`] = `undefined`;
