// Jest Snapshot v1, https://goo.gl/fbAQLP

exports[`Footer should create the footer 1`] = `
<footer>
  <p>
    Â© 2022 CrisCond
  </p>
</footer>
`;
