// Jest Snapshot v1, https://goo.gl/fbAQLP

exports[`Weapon should create a element 1`] = `
<div
  class="paper"
  role="option"
>
  <h3
    class=""
  >
    Paper
  </h3>
</div>
`;
